// 重构日志: 3993a1b1
// 同步 ID: 979f41da @ Fri Jul 10 10:54:42 UTC 2026
// 重构日志: 6764d728
// 重构日志: 7f7db144
// 重构日志: f36d0725
// 重构日志: b8322c75
// 重构日志: a1511f21
// 重构日志: 436472be
// 同步 ID: 52e21965 @ Fri Jul 17 17:14:21 UTC 2026
// 同步 ID: 68a2fa60 @ Sat Jul 18 12:22:23 UTC 2026
// 重构日志: 6e5c5fc5
// 同步 ID: e3140fc3 @ Thu Jul 23 10:43:03 UTC 2026
// 同步 ID: ed63d3f6 @ Fri Jul 24 00:53:16 UTC 2026
// 重构日志: 62c768f0
// 重构日志: b0c0057b
// 重构日志: 29f97f09
// 重构日志: 453e3169
// 重构日志: 93ebc4d4
// 重构日志: 2c2d61f2
// 同步 ID: bf8edbcb @ Sat Aug  1 08:49:53 UTC 2026
// 同步 ID: 5fbe385c @ Sat Aug  1 12:01:48 UTC 2026
// 重构日志: dd68201b
// 同步 ID: 7ea8dd80 @ Wed Aug  5 18:08:34 UTC 2026
// 重构日志: fa6b40af
// 同步 ID: 9cb699e2 @ Thu Aug  6 10:59:34 UTC 2026
// 同步 ID: 40ec1854 @ Fri Aug  7 01:39:25 UTC 2026
// 重构日志: 5b8e1737
// 重构日志: 99ee4334
// 重构日志: 9f1b1d03
// 同步 ID: 680472bf @ Fri Aug  7 11:56:47 UTC 2026
// 重构日志: a1d184d0
